D:/PracticeProject/Stm32/stm32n6_thermal/Middlewares/ST/AI/Npu/ll_aton/ll_aton_osal_threadx.h:85:22:_my_disable_preemption	0	static,ignoring_inline_asm
D:/PracticeProject/Stm32/stm32n6_thermal/Middlewares/ST/AI/Npu/ll_aton/ll_aton_osal_threadx.h:140:22:_my_tx_thread_priority_get	40	static
D:/PracticeProject/Stm32/stm32n6_thermal/Middlewares/ST/AI/Npu/ll_aton/ll_aton_osal_threadx.h:148:22:_my_tx_thread_priority_change	16	static
D:/PracticeProject/Stm32/stm32n6_thermal/Middlewares/ST/AI/Npu/ll_aton/ll_aton_osal_threadx.h:102:22:_my_enable_preemption	8	static,ignoring_inline_asm
D:/PracticeProject/Stm32/stm32n6_thermal/Middlewares/ST/AI/Npu/ll_aton/ll_aton_osal_rtos_template.inc:52:6:aton_osal_threadx_init	8	static
D:/PracticeProject/Stm32/stm32n6_thermal/Middlewares/ST/AI/Npu/ll_aton/ll_aton_osal_rtos_template.inc:86:6:aton_osal_threadx_deinit	8	static
D:/PracticeProject/Stm32/stm32n6_thermal/Middlewares/ST/AI/Npu/ll_aton/ll_aton_osal_rtos_template.inc:95:6:aton_osal_threadx_dao_lock	24	static
D:/PracticeProject/Stm32/stm32n6_thermal/Middlewares/ST/AI/Npu/ll_aton/ll_aton_osal_rtos_template.inc:164:6:aton_osal_threadx_dao_unlock	32	static
D:/PracticeProject/Stm32/stm32n6_thermal/Middlewares/ST/AI/Npu/ll_aton/ll_aton_osal_rtos_template.inc:221:6:aton_osal_threadx_lock	8	static
D:/PracticeProject/Stm32/stm32n6_thermal/Middlewares/ST/AI/Npu/ll_aton/ll_aton_osal_rtos_template.inc:233:6:aton_osal_threadx_unlock	8	static
D:/PracticeProject/Stm32/stm32n6_thermal/Middlewares/ST/AI/Npu/ll_aton/ll_aton_osal_rtos_template.inc:272:6:aton_osal_threadx_wfe	8	static
D:/PracticeProject/Stm32/stm32n6_thermal/Middlewares/ST/AI/Npu/ll_aton/ll_aton_osal_rtos_template.inc:287:6:aton_osal_threadx_signal_event	8	static,ignoring_inline_asm
