../../../Drivers/STM32N6xx_HAL_Driver/Inc/stm32n6xx_ll_bus.h:1407:22:LL_AHB4_GRP1_EnableClock	24	static
../BSP/TOUCH/ctiic.c:30:13:ct_iic_delay	8	static
../BSP/TOUCH/ctiic.c:40:6:ct_iic_init	32	static
../BSP/TOUCH/ctiic.c:66:6:ct_iic_start	8	static
../BSP/TOUCH/ctiic.c:82:6:ct_iic_stop	8	static
../BSP/TOUCH/ctiic.c:98:9:ct_iic_wait_ack	16	static
../BSP/TOUCH/ctiic.c:133:6:ct_iic_ack	8	static
../BSP/TOUCH/ctiic.c:150:6:ct_iic_nack	8	static
../BSP/TOUCH/ctiic.c:165:6:ct_iic_send_byte	24	static
../BSP/TOUCH/ctiic.c:187:9:ct_iic_read_byte	24	static
