../BSP/Tiny1C/tiny1c_thermal_app.c:119:16:tiny1c_thermal_app_apply_preview_contrast_u8	0	static
../BSP/Tiny1C/tiny1c_thermal_app.c:146:13:tiny1c_thermal_app_store_rgb565_pixel_2x	0	static
../BSP/Tiny1C/tiny1c_thermal_app.c:480:17:tiny1c_thermal_app_yuv_to_rgb565	16	static
../BSP/Tiny1C/tiny1c_thermal_app.c:460:6:tiny1c_thermal_app_set_center_temp_centi_c	0	static
../BSP/Tiny1C/tiny1c_thermal_app.c:788:12:tiny1c_thermal_app_start	16	static
../BSP/Tiny1C/tiny1c_thermal_app.c:856:6:tiny1c_thermal_app_process	32	static,ignoring_inline_asm
../BSP/Tiny1C/tiny1c_thermal_app.c:872:6:tiny1c_thermal_app_on_frame_event	0	static
../BSP/Tiny1C/tiny1c_thermal_app.c:885:17:tiny1c_thermal_app_get_rgb565_frame	0	static
../BSP/Tiny1C/tiny1c_thermal_app.c:895:10:tiny1c_thermal_app_get_preview_width	0	static
../BSP/Tiny1C/tiny1c_thermal_app.c:905:10:tiny1c_thermal_app_get_preview_height	0	static
../BSP/Tiny1C/tiny1c_thermal_app.c:915:9:tiny1c_thermal_app_get_center_temp_centi_c	0	static
../BSP/Tiny1C/tiny1c_thermal_app.c:925:17:tiny1c_thermal_app_get_temp14_frame	0	static
../BSP/Tiny1C/tiny1c_thermal_app.c:935:10:tiny1c_thermal_app_get_frame_width	0	static
../BSP/Tiny1C/tiny1c_thermal_app.c:945:10:tiny1c_thermal_app_get_frame_height	0	static
../BSP/Tiny1C/tiny1c_thermal_app.c:950:10:tiny1c_thermal_app_get_frame_counter	0	static
../BSP/Tiny1C/tiny1c_thermal_app.c:965:12:tiny1c_thermal_app_force_ffc	0	static
../BSP/Tiny1C/tiny1c_thermal_app.c:970:6:tiny1c_thermal_app_set_preview_transform	0	static
../BSP/Tiny1C/tiny1c_thermal_app.c:976:6:tiny1c_thermal_app_set_preview_contrast	0	static
../BSP/Tiny1C/tiny1c_thermal_app.c:986:9:tiny1c_thermal_app_get_preview_mirror_enabled	0	static
../BSP/Tiny1C/tiny1c_thermal_app.c:991:9:tiny1c_thermal_app_get_preview_flip_enabled	0	static
../BSP/Tiny1C/tiny1c_thermal_app.c:1004:6:tiny1c_thermal_app_transform_frame_point	8	static
