../BSP/Tiny1C/tiny1c_vdcmd_app.c:22:19:tiny1c_vdcmd_lock	8	static
../BSP/Tiny1C/tiny1c_vdcmd_app.c:51:13:tiny1c_vdcmd_unlock	8	static
../BSP/Tiny1C/tiny1c_vdcmd_app.c:66:17:tiny1c_vdcmd_temp_c_to_param	24	static
../BSP/Tiny1C/tiny1c_vdcmd_app.c:87:17:tiny1c_vdcmd_tau_to_param	16	static
../BSP/Tiny1C/tiny1c_vdcmd_app.c:107:12:tiny1c_vdcmd_init	16	static
../BSP/Tiny1C/tiny1c_vdcmd_app.c:125:12:tiny1c_vdcmd_restore_all_defaults	16	static
../BSP/Tiny1C/tiny1c_vdcmd_app.c:144:12:tiny1c_vdcmd_get_device_info	24	static
../BSP/Tiny1C/tiny1c_vdcmd_app.c:170:12:tiny1c_vdcmd_set_pseudo_color	24	static
../BSP/Tiny1C/tiny1c_vdcmd_app.c:189:12:tiny1c_vdcmd_get_pseudo_color	24	static
../BSP/Tiny1C/tiny1c_vdcmd_app.c:214:12:tiny1c_vdcmd_preview_start	32	static
../BSP/Tiny1C/tiny1c_vdcmd_app.c:243:12:tiny1c_vdcmd_preview_stop	24	static
../BSP/Tiny1C/tiny1c_vdcmd_app.c:261:12:tiny1c_vdcmd_y16_temperature_start	24	static
../BSP/Tiny1C/tiny1c_vdcmd_app.c:279:12:tiny1c_vdcmd_y16_temperature_stop	24	static
../BSP/Tiny1C/tiny1c_vdcmd_app.c:297:12:tiny1c_vdcmd_get_frame_max_min_temp	24	static
../BSP/Tiny1C/tiny1c_vdcmd_app.c:323:12:tiny1c_vdcmd_get_point_temp	24	static
../BSP/Tiny1C/tiny1c_vdcmd_app.c:348:12:tiny1c_vdcmd_set_distance	24	static
../BSP/Tiny1C/tiny1c_vdcmd_app.c:366:12:tiny1c_vdcmd_set_emissivity	24	static
../BSP/Tiny1C/tiny1c_vdcmd_app.c:384:12:tiny1c_vdcmd_set_atmospheric_temp_c	24	static
../BSP/Tiny1C/tiny1c_vdcmd_app.c:402:12:tiny1c_vdcmd_set_reflected_temp_c	24	static
../BSP/Tiny1C/tiny1c_vdcmd_app.c:420:12:tiny1c_vdcmd_set_tau	24	static
../BSP/Tiny1C/tiny1c_vdcmd_app.c:438:12:tiny1c_vdcmd_set_gain_mode	24	static
../BSP/Tiny1C/tiny1c_vdcmd_app.c:456:12:tiny1c_vdcmd_set_auto_shutter_enabled	24	static
../BSP/Tiny1C/tiny1c_vdcmd_app.c:474:12:tiny1c_vdcmd_set_auto_shutter_min_interval	24	static
../BSP/Tiny1C/tiny1c_vdcmd_app.c:492:12:tiny1c_vdcmd_set_auto_shutter_max_interval	24	static
../BSP/Tiny1C/tiny1c_vdcmd_app.c:510:12:tiny1c_vdcmd_set_auto_shutter_temp_threshold	24	static
../BSP/Tiny1C/tiny1c_vdcmd_app.c:528:12:tiny1c_vdcmd_trigger_ffc	16	static
