D:/PracticeProject/Stm32/stm32n6_thermal/Appli/Core/Src/app_threadx.c:2486:13:app_threadx_battery_thread_entry	16	static
D:/PracticeProject/Stm32/stm32n6_thermal/Appli/Core/Src/app_threadx.c:2668:13:app_threadx_uart_send_text	24	static
D:/PracticeProject/Stm32/stm32n6_thermal/Appli/Core/Src/app_threadx.c:2696:13:app_threadx_uart_send_text_fmt	16	static
D:/PracticeProject/Stm32/stm32n6_thermal/Appli/Core/Src/app_threadx.c:2282:13:app_threadx_gui_init_ai_overlay_set.part.0	32	static
D:/PracticeProject/Stm32/stm32n6_thermal/Appli/Core/Src/app_threadx.c:2325:13:app_threadx_gui_update_ai_overlay_set.part.0	96	static
D:/PracticeProject/Stm32/stm32n6_thermal/Appli/Core/Src/app_threadx.c:752:13:app_threadx_gui_set_badge_text	8	static
D:/PracticeProject/Stm32/stm32n6_thermal/Appli/Core/Src/app_threadx.c:1618:14:app_threadx_thermal_ai_sigmoid	16	static
D:/PracticeProject/Stm32/stm32n6_thermal/Appli/Core/Src/app_threadx.c:1692:17:app_threadx_thermal_ai_collect_candidates	144	static
D:/PracticeProject/Stm32/stm32n6_thermal/Appli/Core/Src/app_threadx.c:525:6:app_uart_release_file_mode.part.0	0	static
D:/PracticeProject/Stm32/stm32n6_thermal/Appli/Core/Src/app_threadx.c:2803:13:app_threadx_uart_send_snapshot_named	64	static
D:/PracticeProject/Stm32/stm32n6_thermal/Appli/Core/Src/app_threadx.c:776:13:app_threadx_gui_format_temp_text.part.0.constprop	32	static
D:/PracticeProject/Stm32/stm32n6_thermal/Appli/Core/Src/app_threadx.c:1007:13:app_threadx_thermal_ai_set_diag_stage.constprop	0	static
D:/PracticeProject/Stm32/stm32n6_thermal/Appli/Core/Src/app_threadx.c:664:17:app_threadx_temp14_get_preview_oriented_sample.constprop	16	static
D:/PracticeProject/Stm32/stm32n6_thermal/Appli/Core/Src/app_threadx.c:597:16:app_threadx_temp14_to_compensated_centi_celsius	24	static
D:/PracticeProject/Stm32/stm32n6_thermal/Appli/Core/Src/app_threadx.c:2440:13:app_threadx_extrema_query_thread_entry	32	static
D:/PracticeProject/Stm32/stm32n6_thermal/Appli/Core/Src/app_threadx.c:1232:13:app_threadx_gui_update_preview_layer.isra	72	static
D:/PracticeProject/Stm32/stm32n6_thermal/Appli/Core/Src/app_threadx.c:2540:13:app_threadx_gui_thread_entry	288	static
D:/PracticeProject/Stm32/stm32n6_thermal/Appli/Core/Src/app_threadx.c:2390:13:app_threadx_thermal_thread_entry	536	static,ignoring_inline_asm
D:/PracticeProject/Stm32/stm32n6_thermal/Appli/Core/Src/app_threadx.c:3037:13:app_threadx_uart_stream_thread_entry	72	static,ignoring_inline_asm
D:/PracticeProject/Stm32/stm32n6_thermal/Appli/Core/Src/app_threadx.c:372:6:App_ThreadX_Init	56	static
D:/PracticeProject/Stm32/stm32n6_thermal/Appli/Core/Src/app_threadx.c:489:6:MX_ThreadX_Init	0	static
D:/PracticeProject/Stm32/stm32n6_thermal/Appli/Core/Src/app_threadx.c:508:6:app_uart_request_file_mode	8	static
D:/PracticeProject/Stm32/stm32n6_thermal/Appli/Core/Src/app_threadx.c:2976:13:app_threadx_uart_command_thread_entry	32	static
D:/PracticeProject/Stm32/stm32n6_thermal/Appli/Core/Src/app_threadx.c:525:6:app_uart_release_file_mode	0	static
D:/PracticeProject/Stm32/stm32n6_thermal/Appli/Core/Src/app_threadx.c:541:9:app_uart_is_file_mode_active	0	static
D:/PracticeProject/Stm32/stm32n6_thermal/Appli/Core/Src/app_threadx.c:1022:6:HAL_RIF_ILA_Callback	0	static
D:/PracticeProject/Stm32/stm32n6_thermal/Appli/Core/Src/app_threadx.c:3221:6:HAL_UART_TxCpltCallback	0	static
D:/PracticeProject/Stm32/stm32n6_thermal/Appli/Core/Src/app_threadx.c:3234:6:HAL_UART_ErrorCallback	0	static
