../../../Drivers/STM32N6xx_HAL_Driver/Inc/stm32n6xx_ll_bus.h:679:22:LL_MEM_EnableClock	8	static
D://PracticeProject/Stm32/stm32n6_thermal/Appli/Core/Src/main.c:349:13:axisram_power_on	0	static
D://PracticeProject/Stm32/stm32n6_thermal/Appli/Core/Src/main.c:104:5:main	88	static,ignoring_inline_asm
D://PracticeProject/Stm32/stm32n6_thermal/Appli/Core/Src/main.c:191:6:PeriphCommonClock_Config	408	static,ignoring_inline_asm
D://PracticeProject/Stm32/stm32n6_thermal/Appli/Core/Src/main.c:415:6:HAL_DCMIPP_PIPE_FrameEventCallback	0	static
D://PracticeProject/Stm32/stm32n6_thermal/Appli/Core/Src/main.c:430:6:HAL_TIM_PeriodElapsedCallback	0	static
D://PracticeProject/Stm32/stm32n6_thermal/Appli/Core/Src/main.c:448:6:Error_Handler	0	static,ignoring_inline_asm
