D:/PracticeProject/Stm32/stm32n6_thermal/STM32CubeIDE/Appli/lvgl/src/hal/../draw/../misc/lv_color.h:594:26:lv_color_make	16	static
D:/PracticeProject/Stm32/stm32n6_thermal/STM32CubeIDE/Appli/lvgl/src/hal/../draw/../misc/lv_color.h:695:26:lv_color_white	8	static
D:/PracticeProject/Stm32/stm32n6_thermal/STM32CubeIDE/Appli/lvgl/src/hal/../draw/../misc/lv_color.h:699:26:lv_color_black	8	static
D:/PracticeProject/Stm32/stm32n6_thermal/STM32CubeIDE/Appli/lvgl/src/core/lv_disp.h:182:26:lv_scr_act	8	static
D:/PracticeProject/Stm32/stm32n6_thermal/Appli/Core/Src/../../../Middlewares/ST/AI/Npu/ll_aton/ll_aton_NN_interface.h:479:32:LL_Buffer_addr_base	24	static
D:/PracticeProject/Stm32/stm32n6_thermal/Appli/Core/Src/../../../Middlewares/ST/AI/Npu/ll_aton/ll_aton_NN_interface.h:489:32:LL_Buffer_addr_start	16	static
D:/PracticeProject/Stm32/stm32n6_thermal/Appli/Core/Src/../../../Middlewares/ST/AI/Npu/ll_aton/ll_aton_NN_interface.h:504:26:LL_Buffer_len	16	static
D:/PracticeProject/Stm32/stm32n6_thermal/Appli/Core/Src/app_threadx.c:323:6:App_ThreadX_Init	56	static
D:/PracticeProject/Stm32/stm32n6_thermal/Appli/Core/Src/app_threadx.c:440:6:MX_ThreadX_Init	8	static
D:/PracticeProject/Stm32/stm32n6_thermal/Appli/Core/Src/app_threadx.c:459:6:app_uart_request_file_mode	16	static
D:/PracticeProject/Stm32/stm32n6_thermal/Appli/Core/Src/app_threadx.c:476:6:app_uart_release_file_mode	16	static
D:/PracticeProject/Stm32/stm32n6_thermal/Appli/Core/Src/app_threadx.c:492:9:app_uart_is_file_mode_active	8	static
D:/PracticeProject/Stm32/stm32n6_thermal/Appli/Core/Src/app_threadx.c:506:16:app_threadx_libirtemp_temp_correct	40	static
D:/PracticeProject/Stm32/stm32n6_thermal/Appli/Core/Src/app_threadx.c:533:16:app_threadx_temp14_to_centi_celsius	24	static
D:/PracticeProject/Stm32/stm32n6_thermal/Appli/Core/Src/app_threadx.c:548:16:app_threadx_temp14_to_compensated_centi_celsius	24	static
D:/PracticeProject/Stm32/stm32n6_thermal/Appli/Core/Src/app_threadx.c:574:16:app_threadx_centi_celsius_to_unit_centi_celsius	16	static
D:/PracticeProject/Stm32/stm32n6_thermal/Appli/Core/Src/app_threadx.c:589:16:app_threadx_float_to_centi_celsius	24	static
D:/PracticeProject/Stm32/stm32n6_thermal/Appli/Core/Src/app_threadx.c:612:18:app_threadx_build_center_point	24	static
D:/PracticeProject/Stm32/stm32n6_thermal/Appli/Core/Src/app_threadx.c:630:17:app_threadx_rgb565_average4	32	static
D:/PracticeProject/Stm32/stm32n6_thermal/Appli/Core/Src/app_threadx.c:665:13:app_threadx_gui_set_badge_text	24	static
D:/PracticeProject/Stm32/stm32n6_thermal/Appli/Core/Src/app_threadx.c:689:13:app_threadx_gui_format_temp_text	64	static
D:/PracticeProject/Stm32/stm32n6_thermal/Appli/Core/Src/app_threadx.c:724:13:app_threadx_gui_format_battery_text	32	static
D:/PracticeProject/Stm32/stm32n6_thermal/Appli/Core/Src/app_threadx.c:769:13:app_threadx_gui_update_preview	272	static
D:/PracticeProject/Stm32/stm32n6_thermal/Appli/Core/Src/app_threadx.c:924:13:app_threadx_gui_update_fullscreen_image	24	static
D:/PracticeProject/Stm32/stm32n6_thermal/Appli/Core/Src/app_threadx.c:964:13:app_threadx_gui_update_preview_layer	104	static
D:/PracticeProject/Stm32/stm32n6_thermal/Appli/Core/Src/app_threadx.c:1078:13:app_threadx_gui_build_fullscreen_frame	72	static
D:/PracticeProject/Stm32/stm32n6_thermal/Appli/Core/Src/app_threadx.c:1121:16:app_threadx_thermal_ai_prepare_io	8	static
D:/PracticeProject/Stm32/stm32n6_thermal/Appli/Core/Src/app_threadx.c:1158:17:app_threadx_thermal_ai_percentile_from_histogram	32	static
D:/PracticeProject/Stm32/stm32n6_thermal/Appli/Core/Src/app_threadx.c:1189:13:app_threadx_thermal_ai_build_input	88	static
D:/PracticeProject/Stm32/stm32n6_thermal/Appli/Core/Src/app_threadx.c:1283:14:app_threadx_thermal_ai_sigmoid	24	static
D:/PracticeProject/Stm32/stm32n6_thermal/Appli/Core/Src/app_threadx.c:1302:16:app_threadx_thermal_ai_class_index_to_runtime_id	16	static
D:/PracticeProject/Stm32/stm32n6_thermal/Appli/Core/Src/app_threadx.c:1322:16:app_threadx_thermal_ai_person_filter	32	static
D:/PracticeProject/Stm32/stm32n6_thermal/Appli/Core/Src/app_threadx.c:1388:14:app_threadx_thermal_ai_candidate_iou	56	static
D:/PracticeProject/Stm32/stm32n6_thermal/Appli/Core/Src/app_threadx.c:1435:13:app_threadx_thermal_ai_decode_output	512	static
D:/PracticeProject/Stm32/stm32n6_thermal/Appli/Core/Src/app_threadx.c:1662:13:app_threadx_dcache_clean_by_addr	40	static,ignoring_inline_asm
D:/PracticeProject/Stm32/stm32n6_thermal/Appli/Core/Src/app_threadx.c:1683:13:app_threadx_dcache_invalidate_by_addr	40	static,ignoring_inline_asm
D:/PracticeProject/Stm32/stm32n6_thermal/Appli/Core/Src/app_threadx.c:1704:13:app_threadx_thermal_ai_run_inference	128	static
D:/PracticeProject/Stm32/stm32n6_thermal/Appli/Core/Src/app_threadx.c:1748:19:app_threadx_thermal_ai_color_for_class	16	static
D:/PracticeProject/Stm32/stm32n6_thermal/Appli/Core/Src/app_threadx.c:1767:13:app_threadx_gui_init_ai_overlays	8	static
D:/PracticeProject/Stm32/stm32n6_thermal/Appli/Core/Src/app_threadx.c:1790:13:app_threadx_gui_init_ai_overlay_set	40	static
D:/PracticeProject/Stm32/stm32n6_thermal/Appli/Core/Src/app_threadx.c:1833:13:app_threadx_gui_update_ai_overlay_set	96	static
D:/PracticeProject/Stm32/stm32n6_thermal/Appli/Core/Src/app_threadx.c:1898:13:app_threadx_thermal_thread_entry	40	static
D:/PracticeProject/Stm32/stm32n6_thermal/Appli/Core/Src/app_threadx.c:1948:13:app_threadx_extrema_query_thread_entry	48	static
D:/PracticeProject/Stm32/stm32n6_thermal/Appli/Core/Src/app_threadx.c:1994:13:app_threadx_battery_thread_entry	24	static
D:/PracticeProject/Stm32/stm32n6_thermal/Appli/Core/Src/app_threadx.c:2048:13:app_threadx_gui_thread_entry	80	static
D:/PracticeProject/Stm32/stm32n6_thermal/Appli/Core/Src/app_threadx.c:2131:16:app_threadx_uart_file_mode_active_internal	4	static
D:/PracticeProject/Stm32/stm32n6_thermal/Appli/Core/Src/app_threadx.c:2141:13:app_threadx_uart_file_hold_set	16	static
D:/PracticeProject/Stm32/stm32n6_thermal/Appli/Core/Src/app_threadx.c:2151:13:app_threadx_uart_file_hold_clear	16	static
D:/PracticeProject/Stm32/stm32n6_thermal/Appli/Core/Src/app_threadx.c:2160:13:app_threadx_uart_wait_for_tx_idle	8	static
D:/PracticeProject/Stm32/stm32n6_thermal/Appli/Core/Src/app_threadx.c:2173:13:app_threadx_uart_send_text	24	static
D:/PracticeProject/Stm32/stm32n6_thermal/Appli/Core/Src/app_threadx.c:2201:13:app_threadx_uart_send_text_fmt	16	static
D:/PracticeProject/Stm32/stm32n6_thermal/Appli/Core/Src/app_threadx.c:2230:17:app_threadx_base64_encode	40	static
D:/PracticeProject/Stm32/stm32n6_thermal/Appli/Core/Src/app_threadx.c:2270:13:app_threadx_uart_send_snapshot_list	24	static
D:/PracticeProject/Stm32/stm32n6_thermal/Appli/Core/Src/app_threadx.c:2308:13:app_threadx_uart_send_snapshot_named	56	static
D:/PracticeProject/Stm32/stm32n6_thermal/Appli/Core/Src/app_threadx.c:2384:13:app_threadx_uart_send_snapshot_latest	16	static
D:/PracticeProject/Stm32/stm32n6_thermal/Appli/Core/Src/app_threadx.c:2410:13:app_threadx_uart_process_command_line	32	static
D:/PracticeProject/Stm32/stm32n6_thermal/Appli/Core/Src/app_threadx.c:2481:13:app_threadx_uart_command_thread_entry	32	static
D:/PracticeProject/Stm32/stm32n6_thermal/Appli/Core/Src/app_threadx.c:2542:13:app_threadx_uart_stream_thread_entry	48	static
D:/PracticeProject/Stm32/stm32n6_thermal/Appli/Core/Src/app_threadx.c:2635:17:app_threadx_uart_stream_build_packet	96	static
D:/PracticeProject/Stm32/stm32n6_thermal/Appli/Core/Src/app_threadx.c:2722:13:app_threadx_uart_stream_clean_dcache	16	static
D:/PracticeProject/Stm32/stm32n6_thermal/Appli/Core/Src/app_threadx.c:2732:6:HAL_UART_TxCpltCallback	16	static
D:/PracticeProject/Stm32/stm32n6_thermal/Appli/Core/Src/app_threadx.c:2745:6:HAL_UART_ErrorCallback	16	static
