../../../Drivers/STM32N6xx_HAL_Driver/Inc/stm32n6xx_ll_bus.h:1407:22:LL_AHB4_GRP1_EnableClock	24	static
../../../Drivers/STM32N6xx_HAL_Driver/Inc/stm32n6xx_ll_bus.h:3251:22:LL_APB4_GRP1_EnableClock	24	static
../../../Drivers/STM32N6xx_HAL_Driver/Inc/stm32n6xx_ll_bus.h:3319:22:LL_APB4_GRP1_DisableClock	16	static
D:/PracticeProject/Stm32/stm32n6_thermal/Appli/Core/Src/i2c.c:35:6:MX_I2C4_Init	8	static
D:/PracticeProject/Stm32/stm32n6_thermal/Appli/Core/Src/i2c.c:78:6:HAL_I2C_MspInit	440	static
D:/PracticeProject/Stm32/stm32n6_thermal/Appli/Core/Src/i2c.c:118:6:HAL_I2C_MspDeInit	16	static
D:/PracticeProject/Stm32/stm32n6_thermal/Appli/Core/Src/i2c.c:149:6:app_i2c4_bus_mutex_init	8	static
D:/PracticeProject/Stm32/stm32n6_thermal/Appli/Core/Src/i2c.c:169:6:app_i2c4_bus_lock	16	static
D:/PracticeProject/Stm32/stm32n6_thermal/Appli/Core/Src/i2c.c:187:6:app_i2c4_bus_unlock	8	static
D:/PracticeProject/Stm32/stm32n6_thermal/Appli/Core/Src/i2c.c:200:6:app_i2c4_bus_recover_locked	32	static
