../../../Drivers/STM32N6xx_HAL_Driver/Inc/stm32n6xx_ll_bus.h:1407:22:LL_AHB4_GRP1_EnableClock	24	static
../../../Drivers/STM32N6xx_HAL_Driver/Inc/stm32n6xx_ll_bus.h:1755:22:LL_AHB5_GRP1_EnableClock	24	static
../../../Drivers/STM32N6xx_HAL_Driver/Inc/stm32n6xx_ll_bus.h:1891:22:LL_AHB5_GRP1_DisableClock	16	static
D:/PracticeProject/Stm32/stm32n6_thermal/Appli/Core/Src/sdmmc.c:31:6:MX_SDMMC2_SD_Init	8	static
D:/PracticeProject/Stm32/stm32n6_thermal/Appli/Core/Src/sdmmc.c:57:6:HAL_SD_MspInit	440	static
D:/PracticeProject/Stm32/stm32n6_thermal/Appli/Core/Src/sdmmc.c:118:6:HAL_SD_MspDeInit	16	static
