D://PracticeProject/Stm32/stm32n6_thermal/Appli/Core/Src/stm32n6xx_it.c:74:6:NMI_Handler	4	static
D://PracticeProject/Stm32/stm32n6_thermal/Appli/Core/Src/stm32n6xx_it.c:89:6:HardFault_Handler	4	static
D://PracticeProject/Stm32/stm32n6_thermal/Appli/Core/Src/stm32n6xx_it.c:104:6:MemManage_Handler	4	static
D://PracticeProject/Stm32/stm32n6_thermal/Appli/Core/Src/stm32n6xx_it.c:119:6:BusFault_Handler	4	static
D://PracticeProject/Stm32/stm32n6_thermal/Appli/Core/Src/stm32n6xx_it.c:134:6:UsageFault_Handler	4	static
D://PracticeProject/Stm32/stm32n6_thermal/Appli/Core/Src/stm32n6xx_it.c:149:6:SecureFault_Handler	4	static
D://PracticeProject/Stm32/stm32n6_thermal/Appli/Core/Src/stm32n6xx_it.c:164:6:DebugMon_Handler	4	static
D://PracticeProject/Stm32/stm32n6_thermal/Appli/Core/Src/stm32n6xx_it.c:184:6:DCMIPP_IRQHandler	8	static
D://PracticeProject/Stm32/stm32n6_thermal/Appli/Core/Src/stm32n6xx_it.c:198:6:HPDMA1_Channel15_IRQHandler	8	static
D://PracticeProject/Stm32/stm32n6_thermal/Appli/Core/Src/stm32n6xx_it.c:212:6:GPDMA1_Channel0_IRQHandler	8	static
D://PracticeProject/Stm32/stm32n6_thermal/Appli/Core/Src/stm32n6xx_it.c:226:6:TIM7_IRQHandler	8	static
D://PracticeProject/Stm32/stm32n6_thermal/Appli/Core/Src/stm32n6xx_it.c:240:6:USART1_IRQHandler	8	static
