../../../Drivers/STM32N6xx_HAL_Driver/Inc/stm32n6xx_ll_bus.h:1407:22:LL_AHB4_GRP1_EnableClock	24	static
../../../Drivers/STM32N6xx_HAL_Driver/Inc/stm32n6xx_ll_bus.h:2909:22:LL_APB2_GRP1_EnableClock	24	static
../../../Drivers/STM32N6xx_HAL_Driver/Inc/stm32n6xx_ll_bus.h:2997:22:LL_APB2_GRP1_DisableClock	16	static
D:/PracticeProject/Stm32/stm32n6_thermal/Appli/Core/Src/usart.c:32:6:MX_USART1_UART_Init	8	static
D:/PracticeProject/Stm32/stm32n6_thermal/Appli/Core/Src/usart.c:75:6:HAL_UART_MspInit	440	static
D:/PracticeProject/Stm32/stm32n6_thermal/Appli/Core/Src/usart.c:142:6:HAL_UART_MspDeInit	16	static
