D:/PracticeProject/Stm32/stm32n6_thermal/Appli/FileX/App/app_filex.c:221:6:MX_FileX_Init	64	static
D:/PracticeProject/Stm32/stm32n6_thermal/Appli/FileX/App/app_filex.c:279:7:fx_app_thread_entry	40	static
D:/PracticeProject/Stm32/stm32n6_thermal/Appli/FileX/App/app_filex.c:309:9:app_filex_is_ready	4	static
D:/PracticeProject/Stm32/stm32n6_thermal/Appli/FileX/App/app_filex.c:318:6:app_filex_get_last_status	4	static
D:/PracticeProject/Stm32/stm32n6_thermal/Appli/FileX/App/app_filex.c:327:6:app_filex_prepare	16	static
D:/PracticeProject/Stm32/stm32n6_thermal/Appli/FileX/App/app_filex.c:366:6:app_filex_snapshot_save_rgb565	1264	static
D:/PracticeProject/Stm32/stm32n6_thermal/Appli/FileX/App/app_filex.c:479:6:app_filex_snapshot_get_list	688	static
D:/PracticeProject/Stm32/stm32n6_thermal/Appli/FileX/App/app_filex.c:543:6:app_filex_snapshot_load_rgb565	616	static
D:/PracticeProject/Stm32/stm32n6_thermal/Appli/FileX/App/app_filex.c:661:6:app_filex_snapshot_delete	24	static
D:/PracticeProject/Stm32/stm32n6_thermal/Appli/FileX/App/app_filex.c:702:13:app_filex_status_to_string	16	static
D:/PracticeProject/Stm32/stm32n6_thermal/Appli/FileX/App/app_filex.c:711:13:app_filex_mount_media_locked	32	static
D:/PracticeProject/Stm32/stm32n6_thermal/Appli/FileX/App/app_filex.c:765:13:app_filex_format_media_locked	104	static
D:/PracticeProject/Stm32/stm32n6_thermal/Appli/FileX/App/app_filex.c:829:13:app_filex_ensure_ready_locked	16	static
D:/PracticeProject/Stm32/stm32n6_thermal/Appli/FileX/App/app_filex.c:850:13:app_filex_collect_entries_locked	160	static
D:/PracticeProject/Stm32/stm32n6_thermal/Appli/FileX/App/app_filex.c:947:13:app_filex_insert_entry_sorted	48	static
D:/PracticeProject/Stm32/stm32n6_thermal/Appli/FileX/App/app_filex.c:1005:17:app_filex_parse_snapshot_index	24	static
D:/PracticeProject/Stm32/stm32n6_thermal/Appli/FileX/App/app_filex.c:1028:16:app_filex_is_snapshot_name	24	static
D:/PracticeProject/Stm32/stm32n6_thermal/Appli/FileX/App/app_filex.c:1069:13:app_filex_build_snapshot_name	24	static
D:/PracticeProject/Stm32/stm32n6_thermal/Appli/FileX/App/app_filex.c:1087:13:app_filex_build_bmp_header	32	static
D:/PracticeProject/Stm32/stm32n6_thermal/Appli/FileX/App/app_filex.c:1128:13:app_filex_write_le16	16	static
D:/PracticeProject/Stm32/stm32n6_thermal/Appli/FileX/App/app_filex.c:1145:13:app_filex_write_le32	16	static
D:/PracticeProject/Stm32/stm32n6_thermal/Appli/FileX/App/app_filex.c:1163:17:app_filex_read_le16	16	static
D:/PracticeProject/Stm32/stm32n6_thermal/Appli/FileX/App/app_filex.c:1178:17:app_filex_read_le32	16	static
D:/PracticeProject/Stm32/stm32n6_thermal/Appli/FileX/App/app_filex.c:1196:16:app_filex_read_le32s	16	static
D:/PracticeProject/Stm32/stm32n6_thermal/Appli/FileX/App/app_filex.c:1206:20:app_filex_status_to_string_internal	16	static
