D:/PracticeProject/Stm32/stm32n6_thermal/STM32CubeIDE/Appli/lvgl/src/hal/../draw/../misc/lv_color.h:599:26:lv_color_hex	24	static
D:/PracticeProject/Stm32/stm32n6_thermal/STM32CubeIDE/Appli/lvgl/src/core/lv_disp.h:205:20:lv_scr_load	16	static
D:/PracticeProject/Stm32/stm32n6_thermal/STM32CubeIDE/Appli/lvgl/src/widgets/lv_slider.h:84:20:lv_slider_set_value	24	static
D:/PracticeProject/Stm32/stm32n6_thermal/STM32CubeIDE/Appli/lvgl/src/widgets/lv_slider.h:130:23:lv_slider_get_value	16	static
../gui_guider/generated/events_init.c:69:13:thermal_gui_apply_preview_transform	8	static
../gui_guider/generated/events_init.c:81:13:thermal_gui_set_badge_text	24	static
../gui_guider/generated/events_init.c:104:13:thermal_gui_set_button_selected	16	static
../gui_guider/generated/events_init.c:122:13:thermal_gui_apply_preview_overlay_state	16	static
../gui_guider/generated/events_init.c:235:13:thermal_gui_enter_fullscreen	16	static
../gui_guider/generated/events_init.c:251:13:thermal_gui_exit_fullscreen	16	static
../gui_guider/generated/events_init.c:267:13:thermal_gui_refresh_contrast_value	24	static
../gui_guider/generated/events_init.c:284:13:thermal_gui_refresh_pseudo_ui	80	static
../gui_guider/generated/events_init.c:334:13:thermal_gui_refresh_gain_ui	24	static
../gui_guider/generated/events_init.c:351:13:thermal_gui_refresh_unit_ui	24	static
../gui_guider/generated/events_init.c:367:13:thermal_gui_refresh_ffc_ui	16	static
../gui_guider/generated/events_init.c:390:13:thermal_gui_refresh_device_info	216	static
../gui_guider/generated/events_init.c:428:13:thermal_gui_reset_state_to_default	16	static
../gui_guider/generated/events_init.c:467:13:thermal_gui_pseudo_event_cb	24	static
../gui_guider/generated/events_init.c:490:13:thermal_gui_gain_event_cb	24	static
../gui_guider/generated/events_init.c:510:13:thermal_gui_auto_ffc_event_cb	32	static
../gui_guider/generated/events_init.c:532:13:thermal_gui_manual_ffc_event_cb	16	static
../gui_guider/generated/events_init.c:546:13:thermal_gui_restore_default_event_cb	16	static
../gui_guider/generated/events_init.c:560:13:thermal_gui_save_config_event_cb	16	static
../gui_guider/generated/events_init.c:575:13:thermal_gui_fullscreen_enter_event_cb	16	static
../gui_guider/generated/events_init.c:588:13:thermal_gui_fullscreen_exit_event_cb	16	static
../gui_guider/generated/events_init.c:601:13:thermal_gui_unit_c_event_cb	16	static
../gui_guider/generated/events_init.c:616:13:thermal_gui_unit_f_event_cb	16	static
../gui_guider/generated/events_init.c:631:13:thermal_gui_contrast_event_cb	24	static
../gui_guider/generated/events_init.c:645:13:thermal_gui_sleep_event_cb	24	static
../gui_guider/generated/events_init.c:661:13:thermal_gui_alarm_event_cb	24	static
../gui_guider/generated/events_init.c:677:13:thermal_gui_mirror_event_cb	16	static
../gui_guider/generated/events_init.c:692:13:thermal_gui_flip_event_cb	16	static
../gui_guider/generated/events_init.c:707:13:thermal_gui_center_cross_event_cb	16	static
../gui_guider/generated/events_init.c:722:13:thermal_gui_center_temp_event_cb	16	static
../gui_guider/generated/events_init.c:737:13:thermal_gui_hi_lo_mark_event_cb	16	static
../gui_guider/generated/events_init.c:752:13:thermal_gui_bind_pseudo_buttons	40	static
../gui_guider/generated/events_init.c:793:13:thermal_gui_update_device_info	16	static
../gui_guider/generated/events_init.c:809:13:WidgetsDemo_event_handler	32	static
../gui_guider/generated/events_init.c:852:6:events_init_WidgetsDemo	16	static
../gui_guider/generated/events_init.c:880:6:events_init	16	static
../gui_guider/generated/events_init.c:890:6:events_init_WidgetsDemoFullscreen	16	static
../gui_guider/generated/events_init.c:895:9:thermal_gui_is_fullscreen_active	4	static
../gui_guider/generated/events_init.c:900:9:thermal_gui_is_unit_celsius	4	static
