D:/PracticeProject/Stm32/stm32n6_thermal/STM32CubeIDE/Appli/lvgl/src/misc/lv_anim.h:126:20:lv_anim_set_var	16	static
D:/PracticeProject/Stm32/stm32n6_thermal/STM32CubeIDE/Appli/lvgl/src/misc/lv_anim.h:138:20:lv_anim_set_exec_cb	16	static
D:/PracticeProject/Stm32/stm32n6_thermal/STM32CubeIDE/Appli/lvgl/src/misc/lv_anim.h:148:20:lv_anim_set_time	16	static
D:/PracticeProject/Stm32/stm32n6_thermal/STM32CubeIDE/Appli/lvgl/src/misc/lv_anim.h:158:20:lv_anim_set_delay	16	static
D:/PracticeProject/Stm32/stm32n6_thermal/STM32CubeIDE/Appli/lvgl/src/misc/lv_anim.h:169:20:lv_anim_set_values	24	static
D:/PracticeProject/Stm32/stm32n6_thermal/STM32CubeIDE/Appli/lvgl/src/misc/lv_anim.h:196:20:lv_anim_set_path_cb	16	static
D:/PracticeProject/Stm32/stm32n6_thermal/STM32CubeIDE/Appli/lvgl/src/misc/lv_anim.h:206:20:lv_anim_set_start_cb	16	static
D:/PracticeProject/Stm32/stm32n6_thermal/STM32CubeIDE/Appli/lvgl/src/misc/lv_anim.h:227:20:lv_anim_set_ready_cb	16	static
D:/PracticeProject/Stm32/stm32n6_thermal/STM32CubeIDE/Appli/lvgl/src/misc/lv_anim.h:237:20:lv_anim_set_deleted_cb	16	static
D:/PracticeProject/Stm32/stm32n6_thermal/STM32CubeIDE/Appli/lvgl/src/misc/lv_anim.h:247:20:lv_anim_set_playback_time	16	static
D:/PracticeProject/Stm32/stm32n6_thermal/STM32CubeIDE/Appli/lvgl/src/misc/lv_anim.h:257:20:lv_anim_set_playback_delay	16	static
D:/PracticeProject/Stm32/stm32n6_thermal/STM32CubeIDE/Appli/lvgl/src/misc/lv_anim.h:267:20:lv_anim_set_repeat_count	16	static
D:/PracticeProject/Stm32/stm32n6_thermal/STM32CubeIDE/Appli/lvgl/src/misc/lv_anim.h:277:20:lv_anim_set_repeat_delay	16	static
D:/PracticeProject/Stm32/stm32n6_thermal/STM32CubeIDE/Appli/lvgl/src/core/lv_disp.h:182:26:lv_scr_act	8	static
D:/PracticeProject/Stm32/stm32n6_thermal/STM32CubeIDE/Appli/lvgl/src/core/lv_disp.h:191:26:lv_layer_top	8	static
D:/PracticeProject/Stm32/stm32n6_thermal/STM32CubeIDE/Appli/lvgl/src/core/lv_disp.h:205:20:lv_scr_load	16	static
../gui_guider/generated/gui_guider.c:19:6:ui_init_style	16	static
../gui_guider/generated/gui_guider.c:27:6:ui_load_scr_animation	40	static
../gui_guider/generated/gui_guider.c:47:6:ui_animation	96	static
../gui_guider/generated/gui_guider.c:75:6:init_scr_del_flag	16	static
../gui_guider/generated/gui_guider.c:82:6:setup_ui	16	static
../gui_guider/generated/gui_guider.c:91:6:init_keyboard	16	static
