D:/PracticeProject/Stm32/stm32n6_thermal/STM32CubeIDE/Appli/lvgl/src/hal/../draw/../misc/lv_color.h:599:26:lv_color_hex	24	static
D:/PracticeProject/Stm32/stm32n6_thermal/STM32CubeIDE/Appli/lvgl/src/hal/../draw/sw/../../core/lv_obj_pos.h:199:20:lv_obj_center	16	static
D:/PracticeProject/Stm32/stm32n6_thermal/STM32CubeIDE/Appli/lvgl/src/core/lv_obj_style.h:205:20:lv_obj_set_style_pad_all	24	static
D:/PracticeProject/Stm32/stm32n6_thermal/STM32CubeIDE/Appli/lvgl/src/core/lv_disp.h:191:26:lv_layer_top	8	static
D:/PracticeProject/Stm32/stm32n6_thermal/STM32CubeIDE/Appli/lvgl/src/core/lv_disp.h:205:20:lv_scr_load	16	static
../gui_guider/custom/custom.c:68:20:thermal_gui_get_child_label_text	24	static
../gui_guider/custom/custom.c:92:13:thermal_gui_set_child_label_text	24	static
../gui_guider/custom/custom.c:113:13:thermal_gui_snapshot_set_status	16	static
../gui_guider/custom/custom.c:131:18:thermal_gui_create_custom_button	32	static
../gui_guider/custom/custom.c:175:13:thermal_gui_snapshot_draw_marker	40	static
../gui_guider/custom/custom.c:190:13:thermal_gui_snapshot_draw_fixed_badges	56	static
../gui_guider/custom/custom.c:231:13:thermal_gui_snapshot_draw_badge	40	static
../gui_guider/custom/custom.c:254:13:thermal_gui_snapshot_draw_badge_with_font	120	static
../gui_guider/custom/custom.c:296:13:thermal_gui_snapshot_draw_cross	56	static
../gui_guider/custom/custom.c:350:13:thermal_gui_snapshot_draw_marker_from_obj	40	static
../gui_guider/custom/custom.c:408:13:thermal_gui_snapshot_draw_overlays	40	static
../gui_guider/custom/custom.c:445:13:thermal_gui_snapshot_capture_from_objects	72	static
../gui_guider/custom/custom.c:518:13:thermal_gui_snapshot_capture_preview	72	static
../gui_guider/custom/custom.c:544:13:thermal_gui_snapshot_capture_fullscreen	72	static
../gui_guider/custom/custom.c:567:13:thermal_gui_gallery_reload_list	8	static
../gui_guider/custom/custom.c:579:13:thermal_gui_snapshot_ensure_canvas	16	static
../gui_guider/custom/custom.c:599:13:thermal_gui_gallery_refresh_nav_buttons	8	static
../gui_guider/custom/custom.c:630:13:thermal_gui_gallery_load_entry	112	static
../gui_guider/custom/custom.c:699:13:thermal_gui_gallery_open	32	static
../gui_guider/custom/custom.c:738:13:thermal_gui_gallery_close	16	static
../gui_guider/custom/custom.c:751:13:thermal_gui_snapshot_save_event_cb	88	static
../gui_guider/custom/custom.c:786:13:thermal_gui_snapshot_save_fullscreen_event_cb	88	static
../gui_guider/custom/custom.c:822:13:thermal_gui_gallery_open_event_cb	16	static
../gui_guider/custom/custom.c:837:13:thermal_gui_gallery_back_event_cb	16	static
../gui_guider/custom/custom.c:852:13:thermal_gui_gallery_prev_event_cb	16	static
../gui_guider/custom/custom.c:865:13:thermal_gui_gallery_next_event_cb	16	static
../gui_guider/custom/custom.c:879:13:thermal_gui_gallery_delete_event_cb	88	static
../gui_guider/custom/custom.c:924:13:thermal_gui_gallery_create_screen	32	static
../gui_guider/custom/custom.c:984:6:custom_init	40	static
