../gui_guider/generated/events_init.c:661:13:thermal_gui_alarm_event_cb	16	static
../gui_guider/generated/events_init.c:122:13:thermal_gui_apply_preview_overlay_state	24	static
../gui_guider/generated/events_init.c:390:13:thermal_gui_refresh_device_info	184	static
../gui_guider/generated/events_init.c:267:13:thermal_gui_refresh_contrast_value	16	static
../gui_guider/generated/events_init.c:69:13:thermal_gui_apply_preview_transform	0	static
../gui_guider/generated/events_init.c:645:13:thermal_gui_sleep_event_cb	16	static
../gui_guider/generated/events_init.c:631:13:thermal_gui_contrast_event_cb	16	static
../gui_guider/generated/events_init.c:104:13:thermal_gui_set_button_selected	16	static
../gui_guider/generated/events_init.c:575:13:thermal_gui_fullscreen_enter_event_cb	8	static
../gui_guider/generated/events_init.c:588:13:thermal_gui_fullscreen_exit_event_cb	8	static
../gui_guider/generated/events_init.c:737:13:thermal_gui_hi_lo_mark_event_cb	8	static
../gui_guider/generated/events_init.c:722:13:thermal_gui_center_temp_event_cb	8	static
../gui_guider/generated/events_init.c:707:13:thermal_gui_center_cross_event_cb	8	static
../gui_guider/generated/events_init.c:81:13:thermal_gui_set_badge_text	8	static
../gui_guider/generated/events_init.c:334:13:thermal_gui_refresh_gain_ui	16	static
../gui_guider/generated/events_init.c:490:13:thermal_gui_gain_event_cb	16	static
../gui_guider/generated/events_init.c:284:13:thermal_gui_refresh_pseudo_ui	64	static
../gui_guider/generated/events_init.c:467:13:thermal_gui_pseudo_event_cb	16	static
../gui_guider/generated/events_init.c:560:13:thermal_gui_save_config_event_cb	8	static
../gui_guider/generated/events_init.c:692:13:thermal_gui_flip_event_cb	8	static
../gui_guider/generated/events_init.c:677:13:thermal_gui_mirror_event_cb	8	static
../gui_guider/generated/events_init.c:351:13:thermal_gui_refresh_unit_ui.part.0	16	static
../gui_guider/generated/events_init.c:616:13:thermal_gui_unit_f_event_cb	8	static
../gui_guider/generated/events_init.c:601:13:thermal_gui_unit_c_event_cb	8	static
../gui_guider/generated/events_init.c:532:13:thermal_gui_manual_ffc_event_cb	8	static
../gui_guider/generated/events_init.c:367:13:thermal_gui_refresh_ffc_ui	16	static
../gui_guider/generated/events_init.c:510:13:thermal_gui_auto_ffc_event_cb	16	static
../gui_guider/generated/events_init.c:809:13:WidgetsDemo_event_handler	40	static
../gui_guider/generated/events_init.c:546:13:thermal_gui_restore_default_event_cb	24	static
../gui_guider/generated/events_init.c:852:6:events_init_WidgetsDemo	8	static
../gui_guider/generated/events_init.c:880:6:events_init	0	static
../gui_guider/generated/events_init.c:890:6:events_init_WidgetsDemoFullscreen	0	static
../gui_guider/generated/events_init.c:895:9:thermal_gui_is_fullscreen_active	0	static
../gui_guider/generated/events_init.c:900:9:thermal_gui_is_unit_celsius	0	static
