../lvgl/porting/lv_port_indev.c:72:6:lv_port_indev_init	8	static
../lvgl/porting/lv_port_indev.c:185:13:touchpad_init	4	static
../lvgl/porting/lv_port_indev.c:191:13:touchpad_read	16	static
../lvgl/porting/lv_port_indev.c:211:13:touchpad_is_pressed	8	static
../lvgl/porting/lv_port_indev.c:230:13:touchpad_get_xy	16	static
../lvgl/porting/lv_port_indev.c:243:13:mouse_init	4	static
../lvgl/porting/lv_port_indev.c:249:13:mouse_read	16	static
../lvgl/porting/lv_port_indev.c:264:13:mouse_is_pressed	4	static
../lvgl/porting/lv_port_indev.c:272:13:mouse_get_xy	16	static
../lvgl/porting/lv_port_indev.c:285:13:keypad_init	4	static
../lvgl/porting/lv_port_indev.c:291:13:keypad_read	24	static
../lvgl/porting/lv_port_indev.c:332:17:keypad_get_key	4	static
../lvgl/porting/lv_port_indev.c:344:13:encoder_init	4	static
../lvgl/porting/lv_port_indev.c:350:13:encoder_read	16	static
../lvgl/porting/lv_port_indev.c:358:13:encoder_handler	4	static
../lvgl/porting/lv_port_indev.c:371:13:button_init	4	static
../lvgl/porting/lv_port_indev.c:377:13:button_read	24	static
../lvgl/porting/lv_port_indev.c:398:15:button_get_pressed_id	16	static
../lvgl/porting/lv_port_indev.c:415:13:button_is_pressed	16	static
