D:/PracticeProject/Stm32/stm32n6_thermal/STM32CubeIDE/Appli/lvgl/src/hal/../draw/../misc/../font/../misc/lv_area.h:123:26:lv_area_get_width	16	static
D:/PracticeProject/Stm32/stm32n6_thermal/STM32CubeIDE/Appli/lvgl/src/hal/../draw/../misc/../font/../misc/lv_area.h:133:26:lv_area_get_height	16	static
../lvgl/porting/lv_port_disp.c:52:6:lv_port_disp_init	8	static
../lvgl/porting/lv_port_disp.c:138:13:disp_init	4	static
../lvgl/porting/lv_port_disp.c:147:6:disp_enable_update	4	static
../lvgl/porting/lv_port_disp.c:154:6:disp_disable_update	4	static
../lvgl/porting/lv_port_disp.c:162:13:disp_flush	72	static,ignoring_inline_asm
